------------------------------------------------------------
Timing Analyzer Summary
------------------------------------------------------------

Type  : Slow 1100mV 85C Model Setup 'clk'
Slack : -0.622
TNS   : -0.908

Type  : Slow 1100mV 85C Model Hold 'clk'
Slack : 0.639
TNS   : 0.000

Type  : Slow 1100mV 85C Model Minimum Pulse Width 'clk'
Slack : -0.394
TNS   : -1.124

Type  : Slow 1100mV 0C Model Setup 'clk'
Slack : -0.636
TNS   : -0.921

Type  : Slow 1100mV 0C Model Hold 'clk'
Slack : 0.620
TNS   : 0.000

Type  : Slow 1100mV 0C Model Minimum Pulse Width 'clk'
Slack : -0.394
TNS   : -1.024

Type  : Fast 1100mV 85C Model Setup 'clk'
Slack : 0.067
TNS   : 0.000

Type  : Fast 1100mV 85C Model Hold 'clk'
Slack : 0.395
TNS   : 0.000

Type  : Fast 1100mV 85C Model Minimum Pulse Width 'clk'
Slack : -0.230
TNS   : -0.467

Type  : Fast 1100mV 0C Model Setup 'clk'
Slack : 0.110
TNS   : 0.000

Type  : Fast 1100mV 0C Model Hold 'clk'
Slack : 0.366
TNS   : 0.000

Type  : Fast 1100mV 0C Model Minimum Pulse Width 'clk'
Slack : -0.225
TNS   : -0.465

------------------------------------------------------------
